// Jest Snapshot v1, https://goo.gl/fbAQLP

exports[`Testing register form renders correctly 1`] = `
<div>
  <main
    class="main"
  >
    <form
      class="form"
    >
      <h2
        class="formTitle"
      >
        Registration
      </h2>
      <div
        class="contextTitle"
      >
        <h3
          class="groupTitle"
        >
          Personal
        </h3>
      </div>
      <div
        class="groupSection"
      >
        <div
          class="inputWithError bigInput"
        >
          <label
            class="formInput"
            for="name"
          >
            <div
              class="requiredTitle"
            >
              Name
            </div>
            <input
              aria-invalid="true"
              class="input"
              id="name"
              name="name"
              placeholder="John"
              required=""
              type="text"
            />
          </label>
        </div>
        <div
          class="inputWithError  bigInput"
        >
          <label
            class="formInput"
            for="last"
          >
            <div
              class="requiredTitle"
            >
              Surname
            </div>
            <input
              aria-invalid="true"
              class="input"
              id="last"
              name="surname"
              placeholder="Smith"
              required=""
              type="text"
            />
          </label>
        </div>
        <div
          class="inputWithError  smallInput"
        >
          <label
            class="formInput"
            for="date"
          >
            <div
              class="requiredTitle"
            >
              Birthday
            </div>
            <input
              aria-invalid="true"
              class="input"
              id="date"
              name="age"
              required=""
              type="date"
            />
          </label>
        </div>
      </div>
      <div
        class="contextTitle"
      >
        <h3
          class="groupTitle"
        >
          Billing address
        </h3>
      </div>
      <div
        class="groupSection"
      >
        <div
          class="inputWithError  bigInput"
        >
          <label
            class="formInput"
            for="country_billing"
          >
            Country
            <select
              class="input"
              id="country_billing"
              name="countryBill"
            >
              <option
                value="US"
              >
                United States
              </option>
              <option
                value="BY"
              >
                Belarus
              </option>
              <option
                value="RU"
              >
                Russia
              </option>
            </select>
          </label>
        </div>
        <div
          class="inputWithError  bigInput"
        >
          <label
            class="formInput"
            for="sity_billing"
          >
            <div
              class="requiredTitle"
            >
              City
            </div>
            <input
              aria-invalid="true"
              class="input"
              id="sity_billing"
              name="cityBill"
              placeholder="New York"
              required=""
              type="text"
            />
          </label>
        </div>
        <div
          class="inputWithError  bigInput"
        >
          <label
            class="formInput"
            for="street_billing"
          >
            <div
              class="requiredTitle"
            >
              Street
            </div>
            <input
              aria-invalid="true"
              class="input"
              id="street_billing"
              name="streetBill"
              placeholder="Clinton St"
              required=""
              type="text"
            />
          </label>
        </div>
        <div
          class="inputWithError  smallInput"
        >
          <label
            class="formInput"
            for="house_billing"
          >
            Apartment
            <input
              class="input"
              id="house_billing"
              name="apartamentBill"
              placeholder="440"
              type="text"
            />
          </label>
        </div>
        <div
          class="inputWithError  smallInput"
        >
          <label
            class="formInput"
            for="postcode_billing"
          >
            <div
              class="requiredTitle"
            >
              Postal code
            </div>
            <input
              class="input"
              id="postcode_billing"
              name="postcodeBill"
              placeholder="postcode"
              type="text"
            />
          </label>
        </div>
        <div
          class="containerRadioBtn  bigInput"
        >
          <label
            class="container"
            for="billdefault"
          >
            <input
              class="radioBtn"
              id="billdefault"
              name="billdefault"
              type="checkbox"
            />
            Set default for Billing
          </label>
        </div>
      </div>
      <div
        class="contextTitle"
      >
        <h3
          class="groupTitle"
        >
          Shipping address
        </h3>
      </div>
      <div
        class="optionShipping"
      >
        <div
          class="groupSection"
        >
          <div
            class="inputWithError  bigInput"
          >
            <label
              class="formInput"
              for="country_shipping"
            >
              Country
              <select
                class="input"
                id="country_shipping"
                name="countryShip"
              >
                <option
                  value="US"
                >
                  United States
                </option>
                <option
                  value="BY"
                >
                  Belarus
                </option>
                <option
                  value="RU"
                >
                  Russia
                </option>
              </select>
            </label>
          </div>
          <div
            class="inputWithError  bigInput"
          >
            <label
              class="formInput"
              for="sity_shipping"
            >
              <div
                class="requiredTitle"
              >
                City
              </div>
              <input
                aria-invalid="true"
                class="input"
                id="sity_shipping"
                name="cityShip"
                placeholder="New York"
                required=""
                type="text"
              />
            </label>
          </div>
          <div
            class="inputWithError  bigInput"
          >
            <label
              class="formInput"
              for="street_shipping"
            >
              <div
                class="requiredTitle"
              >
                Street
              </div>
              <input
                aria-invalid="true"
                class="input"
                id="street_shipping"
                name="streetShip"
                placeholder="Clinton St"
                required=""
                type="text"
              />
            </label>
          </div>
          <div
            class="inputWithError  smallInput"
          >
            <label
              class="formInput"
              for="house_shipping"
            >
              Apartment
              <input
                class="input"
                id="house_shipping"
                name="apartamentShip"
                placeholder="440"
                type="text"
              />
            </label>
          </div>
          <div
            class="inputWithError  smallInput"
          >
            <label
              class="formInput"
              for="postcode_shipping"
            >
              <div
                class="requiredTitle"
              >
                Postal code
              </div>
              <input
                class="input"
                id="postcode_shipping"
                name="postcodeShip"
                placeholder="postcode"
                required=""
                type="text"
              />
            </label>
          </div>
        </div>
        <div
          class="containerRadioBtn  smallInput"
        >
          <label
            class="container"
            for="shipdefault"
          >
            <input
              class="radioBtn"
              id="shipdefault"
              name="shipdefault"
              type="checkbox"
            />
            Set default for Shipping
          </label>
        </div>
        <div
          class="containerCheckBtn  smallInput"
        >
          <label
            class="container"
            for="useBillAdress"
          >
            <input
              class="checkBtn"
              id="default"
              name="setAddress"
              type="checkbox"
              value="setAddress"
            />
            Set Shipping as Billing
          </label>
        </div>
      </div>
      <div
        class="contextTitle"
      >
        <h3
          class="groupTitle"
        >
          Login info
        </h3>
      </div>
      <div
        class="groupSection  groupCenter"
      >
        <div
          class="inputWithError  bigInput"
        >
          <label
            class="formInput"
            for="mail"
          >
            <div
              class="requiredTitle"
            >
              Email
            </div>
            <input
              aria-invalid="true"
              autocomplete="email"
              class="input"
              id="mail"
              name="email"
              placeholder="user@example.com"
              required=""
              type="text"
            />
          </label>
        </div>
        <div
          class="inputWithError  bigInput"
        >
          <div
            class="password_block"
          >
            <label
              class="formInput"
              for="password"
            >
              <div
                class="requiredTitle"
              >
                Password
              </div>
              <input
                aria-invalid="true"
                autocomplete="new-password"
                class="input"
                id="password"
                name="password"
                placeholder="password"
                required=""
                type="password"
              />
            </label>
            <button
              aria-label="Reveal"
              class="reveal"
              type="button"
            />
          </div>
        </div>
        <button
          class="button disabled"
          type="submit"
        >
          Sign up
        </button>
      </div>
      <p
        class="registry_link"
      >
        Already registered? Sign in
        <a
          class="link"
          href="/login"
        >
           here!
        </a>
      </p>
    </form>
  </main>
</div>
`;
