// Jest Snapshot v1, https://goo.gl/fbAQLP

exports[`renders correctly 1`] = `
<div>
  <div
    class="catalogBlock"
  >
    <div
      class="catalogItem"
    >
      <a
        class="link"
        href="/catalog/cosplay/weapon"
      >
        <img
          alt="Weapons"
          class="catalogImage"
          src="stub-test"
        />
        <h3
          class="catalogTitle"
        >
          Weapons
        </h3>
      </a>
    </div>
    <div
      class="catalogItem"
    >
      <a
        class="link"
        href="/catalog/cosplay/wigs"
      >
        <img
          alt="Wigs"
          class="catalogImage"
          src="stub-test"
        />
        <h3
          class="catalogTitle"
        >
          Wigs
        </h3>
      </a>
    </div>
    <div
      class="catalogItem"
    >
      <a
        class="link"
        href="/catalog/decor/figures"
      >
        <img
          alt="Figures"
          class="catalogImage"
          src="stub-test"
        />
        <h3
          class="catalogTitle"
        >
          Figures
        </h3>
      </a>
    </div>
    <div
      class="catalogItem"
    >
      <a
        class="link"
        href="/catalog/decor/mugs"
      >
        <img
          alt="Mugs"
          class="catalogImage"
          src="stub-test"
        />
        <h3
          class="catalogTitle"
        >
          Mugs
        </h3>
      </a>
    </div>
    <div
      class="catalogItem"
    >
      <a
        class="link"
        href="/catalog/decor/pads"
      >
        <img
          alt="Pads"
          class="catalogImage"
          src="stub-test"
        />
        <h3
          class="catalogTitle"
        >
          Pads
        </h3>
      </a>
    </div>
    <div
      class="catalogItem"
    >
      <a
        class="link"
        href="/catalog/stationery/notepads"
      >
        <img
          alt="Notepads"
          class="catalogImage"
          src="stub-test"
        />
        <h3
          class="catalogTitle"
        >
          Notepads
        </h3>
      </a>
    </div>
    <div
      class="catalogItem catalogItemMore"
    >
      <a
        class="link"
        href="/catalog"
      >
        <h3
          class="catalogTitle"
        >
          Show more at Catalog
        </h3>
      </a>
    </div>
  </div>
</div>
`;
