// Jest Snapshot v1, https://goo.gl/fbAQLP

exports[`renders correctly 1`] = `
<div>
  <ul
    class="accordeon"
  >
    <li>
      <div
        class="item"
        role="listbox"
        tabindex="0"
      >
        <span
          class="title"
        >
          Price
        </span>
        <span
          class="icon"
        />
      </div>
      <div
        class="range"
      >
        <div
          class="container"
        >
          <input
            class="thumb thumb--left"
            max="100"
            min="1"
            style="z-index: 5;"
            type="range"
            value="1"
          />
          <input
            class="thumb thumb--right"
            max="100"
            min="1"
            type="range"
            value="100"
          />
          <div
            class="slider"
          >
            <div
              class="slider__track"
            />
            <div
              class="slider__range"
              style="left: 0%; width: 100%;"
            />
            <div
              class="slider__left-value"
            >
              $
              1
            </div>
            <div
              class="slider__right-value"
            >
              $
              100
            </div>
          </div>
        </div>
      </div>
    </li>
    <li>
      <div
        class="item"
        role="listbox"
        tabindex="0"
      >
        <span
          class="title"
        >
          Franchise
        </span>
        <span
          class="icon"
        />
      </div>
      <ul
        class="checkboxesList"
      >
        <li>
          <label
            class="checkbox_label"
            for="Genshin"
          >
            <input
              class="checkbox"
              id="Genshin"
              type="checkbox"
            />
             Genshin
          </label>
        </li>
        <li>
          <label
            class="checkbox_label"
            for="Disney"
          >
            <input
              class="checkbox"
              id="Disney"
              type="checkbox"
            />
             Disney
          </label>
        </li>
        <li>
          <label
            class="checkbox_label"
            for="Cyberpunk"
          >
            <input
              class="checkbox"
              id="Cyberpunk"
              type="checkbox"
            />
             Cyberpunk
          </label>
        </li>
        <li>
          <label
            class="checkbox_label"
            for="Batman"
          >
            <input
              class="checkbox"
              id="Batman"
              type="checkbox"
            />
             Batman
          </label>
        </li>
        <li>
          <label
            class="checkbox_label"
            for="Doctor Who"
          >
            <input
              class="checkbox"
              id="Doctor Who"
              type="checkbox"
            />
             Doctor Who
          </label>
        </li>
        <li>
          <label
            class="checkbox_label"
            for="Star Wars"
          >
            <input
              class="checkbox"
              id="Star Wars"
              type="checkbox"
            />
             Star Wars
          </label>
        </li>
        <li>
          <label
            class="checkbox_label"
            for="Beetlejuice"
          >
            <input
              class="checkbox"
              id="Beetlejuice"
              type="checkbox"
            />
             Beetlejuice
          </label>
        </li>
        <li>
          <label
            class="checkbox_label"
            for="Marvel"
          >
            <input
              class="checkbox"
              id="Marvel"
              type="checkbox"
            />
             Marvel
          </label>
        </li>
        <li>
          <label
            class="checkbox_label"
            for="One Piece"
          >
            <input
              class="checkbox"
              id="One Piece"
              type="checkbox"
            />
             One Piece
          </label>
        </li>
        <li>
          <label
            class="checkbox_label"
            for="Harry Potter"
          >
            <input
              class="checkbox"
              id="Harry Potter"
              type="checkbox"
            />
             Harry Potter
          </label>
        </li>
        <li>
          <label
            class="checkbox_label"
            for="Stranger Things"
          >
            <input
              class="checkbox"
              id="Stranger Things"
              type="checkbox"
            />
             Stranger Things
          </label>
        </li>
        <li>
          <label
            class="checkbox_label"
            for="Rick and Morty"
          >
            <input
              class="checkbox"
              id="Rick and Morty"
              type="checkbox"
            />
             Rick and Morty
          </label>
        </li>
        <li>
          <label
            class="checkbox_label"
            for="Supernatural"
          >
            <input
              class="checkbox"
              id="Supernatural"
              type="checkbox"
            />
             Supernatural
          </label>
        </li>
      </ul>
    </li>
    <li>
      <div
        class="item"
        role="listbox"
        tabindex="0"
      >
        <span
          class="title"
        >
          Country
        </span>
        <span
          class="icon"
        />
      </div>
      <ul
        class="checkboxesList"
      >
        <li>
          <label
            class="checkbox_label"
            for="China"
          >
            <input
              class="checkbox"
              id="China"
              type="checkbox"
            />
             China
          </label>
        </li>
        <li>
          <label
            class="checkbox_label"
            for="France"
          >
            <input
              class="checkbox"
              id="France"
              type="checkbox"
            />
             France
          </label>
        </li>
        <li>
          <label
            class="checkbox_label"
            for="Germany"
          >
            <input
              class="checkbox"
              id="Germany"
              type="checkbox"
            />
             Germany
          </label>
        </li>
        <li>
          <label
            class="checkbox_label"
            for="India"
          >
            <input
              class="checkbox"
              id="India"
              type="checkbox"
            />
             India
          </label>
        </li>
        <li>
          <label
            class="checkbox_label"
            for="Italy"
          >
            <input
              class="checkbox"
              id="Italy"
              type="checkbox"
            />
             Italy
          </label>
        </li>
        <li>
          <label
            class="checkbox_label"
            for="Korea"
          >
            <input
              class="checkbox"
              id="Korea"
              type="checkbox"
            />
             Korea
          </label>
        </li>
        <li>
          <label
            class="checkbox_label"
            for="US"
          >
            <input
              class="checkbox"
              id="US"
              type="checkbox"
            />
             US
          </label>
        </li>
      </ul>
    </li>
    <li>
      <div
        class="item"
        role="listbox"
        tabindex="0"
      >
        <span
          class="title"
        >
          Material
        </span>
        <span
          class="icon"
        />
      </div>
      <ul
        class="checkboxesList"
      >
        <li>
          <label
            class="checkbox_label"
            for="Aluminum"
          >
            <input
              class="checkbox"
              id="Aluminum"
              type="checkbox"
            />
             Aluminum
          </label>
        </li>
        <li>
          <label
            class="checkbox_label"
            for="Cardboard"
          >
            <input
              class="checkbox"
              id="Cardboard"
              type="checkbox"
            />
             Cardboard
          </label>
        </li>
        <li>
          <label
            class="checkbox_label"
            for="Ceramic"
          >
            <input
              class="checkbox"
              id="Ceramic"
              type="checkbox"
            />
             Ceramic
          </label>
        </li>
        <li>
          <label
            class="checkbox_label"
            for="Coir"
          >
            <input
              class="checkbox"
              id="Coir"
              type="checkbox"
            />
             Coir
          </label>
        </li>
        <li>
          <label
            class="checkbox_label"
            for="Paper"
          >
            <input
              class="checkbox"
              id="Paper"
              type="checkbox"
            />
             Paper
          </label>
        </li>
        <li>
          <label
            class="checkbox_label"
            for="Plastic"
          >
            <input
              class="checkbox"
              id="Plastic"
              type="checkbox"
            />
             Plastic
          </label>
        </li>
        <li>
          <label
            class="checkbox_label"
            for="Polyester"
          >
            <input
              class="checkbox"
              id="Polyester"
              type="checkbox"
            />
             Polyester
          </label>
        </li>
      </ul>
    </li>
  </ul>
  <button
    class="button button--primary reset"
    id=""
    type="button"
  >
    Reset
  </button>
</div>
`;
