// Jest Snapshot v1, https://goo.gl/fbAQLP

exports[`renders correctly 1`] = `
<div>
  <form
    class="form"
  >
    <div
      class="blockPassword"
    >
      <div
        class="titleWithTooltip"
      >
        <h2>
          Change password
        </h2>
        <div
          class="tooltip"
        >
          <span
            class="tooltipText"
          >
             To change your password, enter your current password and the new one. Once the current password has been
        successfully verified, it will be replaced with a new password.
          </span>
        </div>
      </div>
      <div
        class="inputWithError"
      >
        <label
          class="formInput"
          for="password-was-login"
        >
          Current password:
          <input
            aria-invalid="true"
            autocomplete="current-password"
            class="input"
            id="current-password"
            name="currentPassword"
            placeholder="password"
          />
        </label>
      </div>
      <div
        class="inputWithError"
      >
        <label
          class="formInput"
          for="password-login"
        >
          New password:
          <input
            aria-invalid="true"
            autocomplete="new-password"
            class="input"
            id="new-password"
            name="newPassword"
            placeholder="new password"
          />
        </label>
      </div>
      <button
        class="changeInfo disabled"
        type="submit"
      >
        Change
      </button>
    </div>
  </form>
</div>
`;
