// Jest Snapshot v1, https://goo.gl/fbAQLP

exports[`renders correctly 1`] = `
<div>
  <form
    class="form"
  >
    <div
      class="inputWithError"
    >
      <label
        class="formInput"
        for="password-was-login"
      >
        Current:
        <input
          aria-invalid="true"
          autocomplete="current-password"
          class="input"
          id="current-password"
          name="currentPassword"
          placeholder="password"
        />
      </label>
    </div>
    <div
      class="inputWithError"
    >
      <label
        class="formInput"
        for="password-login"
      >
        New:
        <input
          aria-invalid="true"
          autocomplete="new-password"
          class="input"
          id="new-password"
          name="newPassword"
          placeholder="new password"
        />
      </label>
    </div>
    <button
      class="changeInfo disabled"
      type="submit"
    >
      Change
    </button>
  </form>
</div>
`;
