// Jest Snapshot v1, https://goo.gl/fbAQLP

exports[`renders correctly 1`] = `
<div>
  <div
    class="pagination"
  >
    <div
      class="pagination_box_after"
    >
      <div
        class="pages"
      >
        <span>
          1
        </span>
        -
        <span>
          0
        </span>
      </div>
    </div>
  </div>
</div>
`;
