// Jest Snapshot v1, https://goo.gl/fbAQLP

exports[`renders correctly 1`] = `
<div>
  <div
    class="product_link"
  >
    <a
      class="image_container"
      href="/catalog/Cosplay/Mask/"
    >
      <img
        alt="Product"
        class="product_img"
        src=""
      />
    </a>
    <div
      class="text_container"
    >
      <p
        class="product_name"
      />
      <p
        class="product_description"
      />
      <p
        class="price_block"
      >
        <span>
          $
          00.00
        </span>
        <span
          class="product_discount"
        >
          $
          00.00
        </span>
      </p>
      <button
        class="button button--tertiary btn_details"
        id=""
        type="button"
      >
        Add to cart
      </button>
    </div>
  </div>
</div>
`;
