// Jest Snapshot v1, https://goo.gl/fbAQLP

exports[`renders correctly 1`] = `
<div>
  <form
    class="promobox"
  >
    <p
      class="promo_desc"
    >
      Enter promocode
    </p>
    <div
      class="promoblock"
    >
      <input
        class="promocode"
        id="promocode"
        placeholder="Promocode"
        type="text"
      />
      <button
        class="button button--primary"
        id=""
        type="submit"
      >
        Apply
      </button>
    </div>
  </form>
</div>
`;
